============================= test session starts =============================
platform win32 -- Python 3.14.2, pytest-9.0.2, pluggy-1.6.0
rootdir: E:\Semantics\apidiff
configfile: pyproject.toml
plugins: cov-7.1.0
collected 59 items

tests\test_capture.py ........                                           [ 13%]
tests\test_engine.py ...................                                 [ 45%]
tests\test_extractor.py .............                                    [ 67%]
tests\test_fingerprint.py ...........                                    [ 86%]
tests\test_reporter.py ........                                          [100%]

============================= 59 passed in 4.31s ==============================
